TAP version 13
# Subtest: publisher backend weigert live gateway en ontbrekende reviewconfiguratie
ok 1 - publisher backend weigert live gateway en ontbrekende reviewconfiguratie
  ---
  duration_ms: 3.3329
  type: 'test'
  ...
# Subtest: wachtwoorden en sessietokens worden alleen als hashes opgeslagen
ok 2 - wachtwoorden en sessietokens worden alleen als hashes opgeslagen
  ---
  duration_ms: 121.3056
  type: 'test'
  ...
# Subtest: loginrate limiet en sessieverval worden afgedwongen
ok 3 - loginrate limiet en sessieverval worden afgedwongen
  ---
  duration_ms: 308.6941
  type: 'test'
  ...
# Subtest: geen checkout zonder huidige voorwaarden, privacy, opzegging en recurring toestemming
ok 4 - geen checkout zonder huidige voorwaarden, privacy, opzegging en recurring toestemming
  ---
  duration_ms: 44.9031
  type: 'test'
  ...
# Subtest: idempotente order bevriest serverprijzen en voorwaarden
ok 5 - idempotente order bevriest serverprijzen en voorwaarden
  ---
  duration_ms: 46.0282
  type: 'test'
  ...
# Subtest: dubbele checkout heeft één customer en één providerbetaling
ok 6 - dubbele checkout heeft één customer en één providerbetaling
  ---
  duration_ms: 54.3128
  type: 'test'
  ...
# Subtest: parallelle checkout-claims doen geen dubbele providerwrite
ok 7 - parallelle checkout-claims doen geen dubbele providerwrite
  ---
  duration_ms: 47.0595
  type: 'test'
  ...
# Subtest: onzekere providerwrite blijft na herstart geblokkeerd zonder retry
ok 8 - onzekere providerwrite blijft na herstart geblokkeerd zonder retry
  ---
  duration_ms: 85.5175
  type: 'test'
  ...
# Subtest: actuele betaalstatus bepaalt recht; open betaling geeft geen lease
ok 9 - actuele betaalstatus bepaalt recht; open betaling geeft geen lease
  ---
  duration_ms: 49.2397
  type: 'test'
  ...
# Subtest: geverifieerde testbetaling en machtiging geeft kort ondertekend installatiegebonden recht
ok 10 - geverifieerde testbetaling en machtiging geeft kort ondertekend installatiegebonden recht
  ---
  duration_ms: 51.7514
  type: 'test'
  ...
# Subtest: devicelease is exclusief en nieuwe uitgifte vereist recente providercontrole
ok 11 - devicelease is exclusief en nieuwe uitgifte vereist recente providercontrole
  ---
  duration_ms: 52.9983
  type: 'test'
  ...
# Subtest: herhaalde webhook maakt één abonnement en verlengt betaalde periode niet
ok 12 - herhaalde webhook maakt één abonnement en verlengt betaalde periode niet
  ---
  duration_ms: 51.7247
  type: 'test'
  ...
# Subtest: amountRefunded stopt verlenging en bewaart bestaande devicehouder tot tokenverval
ok 13 - amountRefunded stopt verlenging en bewaart bestaande devicehouder tot tokenverval
  ---
  duration_ms: 52.4332
  type: 'test'
  ...
# Subtest: amountChargedBack stopt verlenging en bewaart bestaande devicehouder tot tokenverval
ok 14 - amountChargedBack stopt verlenging en bewaart bestaande devicehouder tot tokenverval
  ---
  duration_ms: 90.973
  type: 'test'
  ...
# Subtest: ingetrokken machtiging schort bestaand abonnementrecht op
ok 15 - ingetrokken machtiging schort bestaand abonnementrecht op
  ---
  duration_ms: 89.3352
  type: 'test'
  ...
# Subtest: verkeerd providerbedrag, identiteit en live entity geven geen recht
ok 16 - verkeerd providerbedrag, identiteit en live entity geven geen recht
  ---
  duration_ms: 95.5841
  type: 'test'
  ...
# Subtest: providerfout na eerdere activatie dwingt nieuwe verificatie af
ok 17 - providerfout na eerdere activatie dwingt nieuwe verificatie af
  ---
  duration_ms: 100.1705
  type: 'test'
  ...
# Subtest: oud vertraagd paid antwoord heractiveert refund niet
ok 18 - oud vertraagd paid antwoord heractiveert refund niet
  ---
  duration_ms: 96.6423
  type: 'test'
  ...
# Subtest: opzegging is persistent idempotent en paid-webhook kan niet heractiveren
ok 19 - opzegging is persistent idempotent en paid-webhook kan niet heractiveren
  ---
  duration_ms: 89.2848
  type: 'test'
  ...
# Subtest: onzekere opzegging stopt rechten meteen en herhaalt DELETE niet
ok 20 - onzekere opzegging stopt rechten meteen en herhaalt DELETE niet
  ---
  duration_ms: 90.1745
  type: 'test'
  ...
# Subtest: open checkout wordt bij opzegging aantoonbaar bij provider geannuleerd
ok 21 - open checkout wordt bij opzegging aantoonbaar bij provider geannuleerd
  ---
  duration_ms: 96.5639
  type: 'test'
  ...
# Subtest: opzegging tijdens customerwachten voorkomt betaalcreatie
ok 22 - opzegging tijdens customerwachten voorkomt betaalcreatie
  ---
  duration_ms: 86.0061
  type: 'test'
  ...
# Subtest: opzegging tijdens subscriptionwachten bewaart cancel_pending en annuleert daarna juiste abonnement
ok 23 - opzegging tijdens subscriptionwachten bewaart cancel_pending en annuleert daarna juiste abonnement
  ---
  duration_ms: 89.9198
  type: 'test'
  ...
# Subtest: opzegging maakt reeds ondertekende devicehouder niet vrij via een andere actieve order
ok 24 - opzegging maakt reeds ondertekende devicehouder niet vrij via een andere actieve order
  ---
  duration_ms: 91.4779
  type: 'test'
  ...
# Subtest: reconciliatie van onbetaalde order B laat actieve devicehouder van order A intact
ok 25 - reconciliatie van onbetaalde order B laat actieve devicehouder van order A intact
  ---
  duration_ms: 86.2662
  type: 'test'
  ...
# Subtest: echte loopback HTTP-flow authenticatie checkout webhook en lease met geïnjecteerde provider
ok 26 - echte loopback HTTP-flow authenticatie checkout webhook en lease met geïnjecteerde provider
  ---
  duration_ms: 457.0427
  type: 'test'
  ...
# Subtest: kalendertermijn 2027-01-31 plus 0 maanden: 2027-01-31 tot 2027-02-28
ok 27 - kalendertermijn 2027-01-31 plus 0 maanden: 2027-01-31 tot 2027-02-28
  ---
  duration_ms: 0.2062
  type: 'test'
  ...
# Subtest: kalendertermijn 2027-01-31 plus 1 maanden: 2027-02-28 tot 2027-03-31
ok 28 - kalendertermijn 2027-01-31 plus 1 maanden: 2027-02-28 tot 2027-03-31
  ---
  duration_ms: 0.1105
  type: 'test'
  ...
# Subtest: kalendertermijn 2028-01-31 plus 0 maanden: 2028-01-31 tot 2028-02-29
ok 29 - kalendertermijn 2028-01-31 plus 0 maanden: 2028-01-31 tot 2028-02-29
  ---
  duration_ms: 0.0837
  type: 'test'
  ...
# Subtest: kalendertermijn 2028-01-31 plus 1 maanden: 2028-02-29 tot 2028-03-31
ok 30 - kalendertermijn 2028-01-31 plus 1 maanden: 2028-02-29 tot 2028-03-31
  ---
  duration_ms: 0.0721
  type: 'test'
  ...
# Subtest: kalendertermijn 2027-01-30 plus 1 maanden: 2027-02-28 tot 2027-03-30
ok 31 - kalendertermijn 2027-01-30 plus 1 maanden: 2027-02-28 tot 2027-03-30
  ---
  duration_ms: 0.0737
  type: 'test'
  ...
# Subtest: kalendertermijn 2027-04-30 plus 0 maanden: 2027-04-30 tot 2027-05-31
ok 32 - kalendertermijn 2027-04-30 plus 0 maanden: 2027-04-30 tot 2027-05-31
  ---
  duration_ms: 0.079
  type: 'test'
  ...
# Subtest: kalendertermijn 2028-02-29 plus 12 maanden: 2029-02-28 tot 2029-03-31
ok 33 - kalendertermijn 2028-02-29 plus 12 maanden: 2029-02-28 tot 2029-03-31
  ---
  duration_ms: 0.0617
  type: 'test'
  ...
# Subtest: kalendertermijn 2027-12-31 plus 1 maanden: 2028-01-31 tot 2028-02-29
ok 34 - kalendertermijn 2027-12-31 plus 1 maanden: 2028-01-31 tot 2028-02-29
  ---
  duration_ms: 0.0626
  type: 'test'
  ...
# Subtest: eerste serviceperiode eindigt exact op abonnementsstart; nul dagen grace
ok 35 - eerste serviceperiode eindigt exact op abonnementsstart; nul dagen grace
  ---
  duration_ms: 59.5743
  type: 'test'
  ...
# Subtest: terugkerende betaling betaalt één vooraf bepaalde kalendertermijn; duplicaat verlengt niet
ok 36 - terugkerende betaling betaalt één vooraf bepaalde kalendertermijn; duplicaat verlengt niet
  ---
  duration_ms: 61.2318
  type: 'test'
  ...
# Subtest: latere termijn eerst betaald overbrugt geen onbetaalde maand; latere recovery sluit het gat
ok 37 - latere termijn eerst betaald overbrugt geen onbetaalde maand; latere recovery sluit het gat
  ---
  duration_ms: 53.6812
  type: 'test'
  ...
# Subtest: mislukte termijn en betaald nieuw retry-ID blijven in dezelfde factuur
ok 38 - mislukte termijn en betaald nieuw retry-ID blijven in dezelfde factuur
  ---
  duration_ms: 59.2
  type: 'test'
  ...
# Subtest: betaalde status na eerdere failed-status op hetzelfde ID herstelt precies één termijn
ok 39 - betaalde status na eerdere failed-status op hetzelfde ID herstelt precies één termijn
  ---
  duration_ms: 52.3311
  type: 'test'
  ...
# Subtest: termijn vanaf 31 januari gaat via februari terug naar 31 maart
ok 40 - termijn vanaf 31 januari gaat via februari terug naar 31 maart
  ---
  duration_ms: 56.1927
  type: 'test'
  ...
# Subtest: recurring amountRefunded trekt termijnverlenging in en oud paid kan blokkade niet wissen
ok 41 - recurring amountRefunded trekt termijnverlenging in en oud paid kan blokkade niet wissen
  ---
  duration_ms: 55.4109
  type: 'test'
  ...
# Subtest: recurring amountChargedBack trekt termijnverlenging in en oud paid kan blokkade niet wissen
ok 42 - recurring amountChargedBack trekt termijnverlenging in en oud paid kan blokkade niet wissen
  ---
  duration_ms: 63.8068
  type: 'test'
  ...
# Subtest: concurrent oud paid antwoord voor dezelfde termijn overschrijft recente refund niet
ok 43 - concurrent oud paid antwoord voor dezelfde termijn overschrijft recente refund niet
  ---
  duration_ms: 54.4533
  type: 'test'
  ...
# Subtest: recurring valuta, bedrag, identiteit, mode, sequence, datum en mandate mismatches verlengen nooit
ok 44 - recurring valuta, bedrag, identiteit, mode, sequence, datum en mandate mismatches verlengen nooit
  ---
  duration_ms: 67.0788
  type: 'test'
  ...
# Subtest: provider wijzigt binding van bestaand recurring ID: andere maand wordt geweigerd
ok 45 - provider wijzigt binding van bestaand recurring ID: andere maand wordt geweigerd
  ---
  duration_ms: 60.706
  type: 'test'
  ...
# Subtest: opzegging verhindert heractivatie door latere echte recurring paid-status
ok 46 - opzegging verhindert heractivatie door latere echte recurring paid-status
  ---
  duration_ms: 61.3257
  type: 'test'
  ...
# Subtest: verlopen mandate of niet-actief abonnement verhindert recurring licentie-uitgifte
ok 47 - verlopen mandate of niet-actief abonnement verhindert recurring licentie-uitgifte
  ---
  duration_ms: 58.1364
  type: 'test'
  ...
# Subtest: recurring factuur en betaalbinding blijven na procesherstart bestaan
ok 48 - recurring factuur en betaalbinding blijven na procesherstart bestaan
  ---
  duration_ms: 109.137
  type: 'test'
  ...
# Subtest: ondertekende licentie verifieert installatiegebonden
ok 49 - ondertekende licentie verifieert installatiegebonden
  ---
  duration_ms: 3.1031
  type: 'test'
  ...
# Subtest: licentie is geen platformtoestemming
ok 50 - licentie is geen platformtoestemming
  ---
  duration_ms: 0.5688
  type: 'test'
  ...
# Subtest: licentie voor ander apparaat geweigerd
ok 51 - licentie voor ander apparaat geweigerd
  ---
  duration_ms: 0.6708
  type: 'test'
  ...
# Subtest: licentie voor andere dealer geweigerd
ok 52 - licentie voor andere dealer geweigerd
  ---
  duration_ms: 0.4554
  type: 'test'
  ...
# Subtest: verlopen abonnement niet actief
ok 53 - verlopen abonnement niet actief
  ---
  duration_ms: 1.4954
  type: 'test'
  ...
# Subtest: klok terugzetten detectie via vertrouwde tijd
ok 54 - klok terugzetten detectie via vertrouwde tijd
  ---
  duration_ms: 0.8187
  type: 'test'
  ...
# Subtest: bewerkte payload breekt handtekening
ok 55 - bewerkte payload breekt handtekening
  ---
  duration_ms: 1.0703
  type: 'test'
  ...
# Subtest: 100 contacten niet via licentie vrijschakelen
ok 56 - 100 contacten niet via licentie vrijschakelen
  ---
  duration_ms: 0.3843
  type: 'test'
  ...
# Subtest: willekeurige sleutel geweigerd
ok 57 - willekeurige sleutel geweigerd
  ---
  duration_ms: 1.1829
  type: 'test'
  ...
# Subtest: geen betaalacties met ontbrekende key
ok 58 - geen betaalacties met ontbrekende key
  ---
  duration_ms: 0.6149
  type: 'test'
  ...
# Subtest: live betalingen standaard geblokkeerd
ok 59 - live betalingen standaard geblokkeerd
  ---
  duration_ms: 0.3985
  type: 'test'
  ...
# Subtest: eerste betaling met machtiging, exact centbedrag, stabiele idempotency
ok 60 - eerste betaling met machtiging, exact centbedrag, stabiele idempotency
  ---
  duration_ms: 36.4007
  type: 'test'
  ...
# Subtest: geen machtiging of belastingreview: geen call
ok 61 - geen machtiging of belastingreview: geen call
  ---
  duration_ms: 0.4683
  type: 'test'
  ...
# Subtest: webhook kan geen betaalstatus aanleveren: opnieuw provider lezen
ok 62 - webhook kan geen betaalstatus aanleveren: opnieuw provider lezen
  ---
  duration_ms: 0.8595
  type: 'test'
  ...
# Subtest: verkeerde betaling kan geen licentie activeren
ok 63 - verkeerde betaling kan geen licentie activeren
  ---
  duration_ms: 0.5725
  type: 'test'
  ...
# Subtest: providerfout geen automatische onbegrensde retry
ok 64 - providerfout geen automatische onbegrensde retry
  ---
  duration_ms: 0.558
  type: 'test'
  ...
# Subtest: abonnement pas met geverifieerde geldige machtiging
ok 65 - abonnement pas met geverifieerde geldige machtiging
  ---
  duration_ms: 2.6605
  type: 'test'
  ...
# Subtest: ingetrokken machtiging blokkeert abonnement
ok 66 - ingetrokken machtiging blokkeert abonnement
  ---
  duration_ms: 0.661
  type: 'test'
  ...
# Subtest: lokale webhook is geen gepubliceerde checkout
ok 67 - lokale webhook is geen gepubliceerde checkout
  ---
  duration_ms: 0.5073
  type: 'test'
  ...
# Subtest: terugbetaald bedrag blokkeert betaald recht ondanks status paid
ok 68 - terugbetaald bedrag blokkeert betaald recht ondanks status paid
  ---
  duration_ms: 0.6601
  type: 'test'
  ...
# Subtest: ongeldige kalenderdatum wordt niet genormaliseerd tot abonnementsstart
ok 69 - ongeldige kalenderdatum wordt niet genormaliseerd tot abonnementsstart
  ---
  duration_ms: 0.32
  type: 'test'
  ...
1..69
# tests 69
# suites 0
# pass 69
# fail 0
# cancelled 0
# skipped 0
# todo 0
# duration_ms 3634.6443
