✖ eerder bewezen refund op eerste betaling blijft blokkeren bij oude paid-inhoud (56.9293ms)
✖ leeg reversalbedrag is geen bewijs dat eerste betaling niet teruggeboekt is (45.561ms)
ℹ tests 2
ℹ suites 0
ℹ pass 0
ℹ fail 2
ℹ cancelled 0
ℹ skipped 0
ℹ todo 0
ℹ duration_ms 272.639

✖ failing tests:

test at tests\billing-review-regression.test.mjs:23:1
✖ eerder bewezen refund op eerste betaling blijft blokkeren bij oude paid-inhoud (56.9293ms)
  AssertionError [ERR_ASSERTION]: Missing expected exception.
      at TestContext.<anonymous> (file:///C:/Users/Han23/Documents/Codex/2026-09-08/voer-codex-start-hier-md-volledig/work/Biedbot/tests/billing-review-regression.test.mjs:28:10)
      at async Test.run (node:internal/test_runner/test:1208:7)
      at async startSubtestAfterBootstrap (node:internal/test_runner/harness:385:3) {
    generatedMessage: false,
    code: 'ERR_ASSERTION',
    actual: undefined,
    expected: /ENTITLEMENT/,
    operator: 'throws',
    diff: 'simple'
  }

test at tests\billing-review-regression.test.mjs:30:1
✖ leeg reversalbedrag is geen bewijs dat eerste betaling niet teruggeboekt is (45.561ms)
  AssertionError [ERR_ASSERTION]: Missing expected rejection.
      at async TestContext.<anonymous> (file:///C:/Users/Han23/Documents/Codex/2026-09-08/voer-codex-start-hier-md-volledig/work/Biedbot/tests/billing-review-regression.test.mjs:32:3)
      at async Test.run (node:internal/test_runner/test:1208:7)
      at async Test.processPendingSubtests (node:internal/test_runner/test:831:7) {
    generatedMessage: false,
    code: 'ERR_ASSERTION',
    actual: undefined,
    expected: undefined,
    operator: 'rejects',
    diff: 'simple'
  }
